To honour the JVM settings for this build a single-use Daemon process will be forked. For more on this, please refer to https://docs.gradle.org/9.2.1/userguide/gradle_daemon.html#sec:disabling_the_daemon in the Gradle documentation.
Daemon will be stopped at the end of the build 

> Configure project :
Inferred project: gradle-dependency-lock-plugin, version: 16.2.0-dev.2.uncommitted+plugin.improvements.efd134f

> Task :clean
> Task :compileGroovy
> Task :checkKotlinGradlePluginConfigurationErrors SKIPPED
> Task :pluginDescriptors
> Task :processResources
> Task :createPropertiesFileForJar
> Task :writeManifestProperties
> Task :processTestResources

> Task :compileKotlin
w: file:///Users/rperezalcolea/Projects/github/nebula-plugins/gradle-dependency-lock-plugin/src/main/kotlin/nebula/plugin/dependencyverifier/DependencyResolutionVerifier.kt:31:8 'interface TaskExecutionListener : Any' is deprecated. Deprecated in Java.
w: file:///Users/rperezalcolea/Projects/github/nebula-plugins/gradle-dependency-lock-plugin/src/main/kotlin/nebula/plugin/dependencyverifier/DependencyResolutionVerifier.kt:76:24 'fun buildFinished(action: Action<in BuildResult>): Unit' is deprecated. Deprecated in Java.
w: file:///Users/rperezalcolea/Projects/github/nebula-plugins/gradle-dependency-lock-plugin/src/main/kotlin/nebula/plugin/dependencyverifier/DependencyResolutionVerifier.kt:92:23 'fun addTaskExecutionListener(listener: TaskExecutionListener): Unit' is deprecated. Deprecated in Java.
w: file:///Users/rperezalcolea/Projects/github/nebula-plugins/gradle-dependency-lock-plugin/src/main/kotlin/nebula/plugin/dependencyverifier/DependencyResolutionVerifier.kt:92:57 'interface TaskExecutionListener : Any' is deprecated. Deprecated in Java.

> Task :compileJava NO-SOURCE
> Task :classes
> Task :jar
> Task :compileTestKotlin NO-SOURCE
> Task :compileTestJava NO-SOURCE
> Task :compileTestGroovy
> Task :pluginUnderTestMetadata
> Task :testClasses

> Task :test
Executing tests with JDK: 21

DependencyLockAlignmentLauncherSpec > dependency-lock when applied before wins out over new locked alignment rules - core alignment #coreAlignment SKIPPED

DependencyLockConfigurationAvoidanceSpec > task configuration avoidance PASSED

GlobalLockWithForceLauncherSpec > create global locks in multiproject when force is present PASSED

DependencyLockAlignmentLauncherSpec > dependency-lock plugin applied after resolution-rules plugin with non-locked resolution rules - #description PASSED

OfflineModeSpec > offline mode with core locking uses cached dependencies PASSED

GenerateLockTaskSpec > simple lock PASSED

GenerateLockTaskSpec > simple lock for all lockable configurations PASSED

GenerateLockTaskSpec > simple lock for all lockable configurations - without skippedConfigurationsPrefixes PASSED

GenerateLockTaskSpec > skip dependencies via transitives when configured PASSED

GenerateLockTaskSpec > multiproject inter-project dependencies should be excluded PASSED

GenerateLockTaskSpec > multiproject inter-project dependencies should be excluded when coming in transitively PASSED

GenerateLockTaskSpec > multiproject inter-project dependencies should lock first levels PASSED

GenerateLockTaskSpec > multiproject inter-project dependencies no locked PASSED

GenerateLockTaskSpec > simple transitive lock PASSED

GenerateLockTaskSpec > check circular dependency does not loop infinitely PASSED

GenerateLockTaskSpec > check for deeper circular dependency PASSED

GenerateLockTaskSpec > one level transitive test PASSED

GenerateLockTaskSpec > multi-level transitive test PASSED

GenerateLockTaskSpec > #methodName is applied > negative filter is applied PASSED

GenerateLockTaskSpec > #methodName is applied > positive filter is applied PASSED

GlobalLockMultiProjectLauncherSpec > create global lock in multiproject PASSED

GlobalLockLauncherSpec > global lock selective dependency updates PASSED

DependencyLockAlignmentLauncherSpec > dependency-lock plugin applied before resolution-rules plugin with non-locked resolution rules - #description PASSED

ChangingModulesCacheSpec > changing modules should cache for 0 seconds when resolving and locking FAILED
    java.lang.IllegalArgumentException at ChangingModulesCacheSpec.groovy:43

DependencyLockAlignmentLauncherSpec > dependency-lock and new unversioned core alignment rule in the project cause resolution failure until locks are updated > dependency-lock and new unversioned core alignment rule in the project cause resolution failure until locks are updated [coreAlignment: true, #0] PASSED

ConfigurationFiltersProjectSpec > archives, default, compile, compileOnly, runtime, testCompile, testCompileOnly, and testRuntime should not be resolved after Gradle 6.2 PASSED

ConfigurationFiltersProjectSpec > facets with similar configurations should not be resolved after Gradle 6.2 PASSED

ConfigurationFiltersProjectSpec > verifies that a configuration can be consumed PASSED

ConfigurationFiltersProjectSpec > verifies that a configuration cannot be consumed PASSED

ConfigurationFiltersProjectSpec > verifies that a configuration can be resolved PASSED

ConfigurationFiltersProjectSpec > verifies that a configuration cannot be resolved PASSED

ConfigurationFiltersProjectSpec > verifies that a configuration has resolution alternatives PASSED

ConfigurationFiltersProjectSpec > verifies that a configuration does not have resolution alternatives PASSED

ChangingModulesCacheSpec > changing modules with updated transitive dependencies cause resolution failure until dependencies are updated FAILED
    java.lang.IllegalArgumentException at ChangingModulesCacheSpec.groovy:71

UpdateDependenciesValidatorSpec > should not fail if valid coordinates PASSED

UpdateDependenciesValidatorSpec > should fail if invalid coordinates PASSED

UpdateDependenciesValidatorSpec > should not fail if invalid coordinates but disabled validation PASSED

UpdateDependenciesValidatorSpec > should not fail when calling one locking generation command - generateLock PASSED

UpdateDependenciesValidatorSpec > should not fail when calling one locking generation command - updateLock PASSED

UpdateDependenciesValidatorSpec > should fail when calling generateLock and updateLock together PASSED

UpdateDependenciesValidatorSpec > should not fail when calling generateLock and updateLock together but disabled validation PASSED

UpdateDependenciesValidatorSpec > should not fail when only overrides are requested PASSED

UpdateDependenciesValidatorSpec > should fail when no modules to update and no overrides are passed in PASSED

UpdateDependenciesValidatorSpec > should not fail when no modules to update and no overrides are passed in but disabled validation PASSED

DependencyLockPluginIntegrationSpec > eachDependency wins over force PASSED

DependencyLockPluginIntegrationSpec > able to modify configuration in beforeResolve block PASSED

DependencyLockPluginSpec > apply plugin PASSED

DependencyLockPluginSpec > ensure multiple configuration lock works FAILED
    org.spockframework.runtime.ConditionFailedWithExceptionError at DependencyLockPluginSpec.groovy:59
        Caused by: org.gradle.api.internal.artifacts.ivyservice.TypedResolveException at DependencyLockPluginSpec.groovy:54
            Caused by: org.gradle.internal.resolve.ModuleVersionNotFoundException

DependencyLockPluginSpec > read in dependencies.lock FAILED
    org.gradle.api.internal.artifacts.ivyservice.TypedResolveException at DependencyLockPluginSpec.groovy:72
        Caused by: org.gradle.internal.resolve.ModuleVersionNotFoundException

DependencyLockPluginSpec > read in dependencies.lock outside an afterEvaluate block FAILED
    org.gradle.api.internal.artifacts.ivyservice.TypedResolveException at DependencyLockPluginSpec.groovy:86
        Caused by: org.gradle.internal.resolve.ModuleVersionNotFoundException

DependencyLockPluginSpec > read in dependencies.lock ignore=#ignore dependencyLock.ignore if it is not truthy expectedVersion=#version > read in dependencies.lock ignore=false dependencyLock.ignore if it is not truthy expectedVersion=1.0.0 FAILED
    org.gradle.api.internal.artifacts.ivyservice.TypedResolveException at DependencyLockPluginSpec.groovy:98
        Caused by: org.gradle.internal.resolve.ModuleVersionNotFoundException

DependencyLockPluginSpec > read in dependencies.lock ignore=#ignore dependencyLock.ignore if it is not truthy expectedVersion=#version > read in dependencies.lock ignore=false dependencyLock.ignore if it is not truthy expectedVersion=1.0.0 FAILED
    org.gradle.api.internal.artifacts.ivyservice.TypedResolveException at DependencyLockPluginSpec.groovy:98
        Caused by: org.gradle.internal.resolve.ModuleVersionNotFoundException

DependencyLockPluginSpec > read in dependencies.lock ignore=#ignore dependencyLock.ignore if it is not truthy expectedVersion=#version > read in dependencies.lock ignore=foo dependencyLock.ignore if it is not truthy expectedVersion=1.0.0 FAILED
    org.gradle.api.internal.artifacts.ivyservice.TypedResolveException at DependencyLockPluginSpec.groovy:98
        Caused by: org.gradle.internal.resolve.ModuleVersionNotFoundException

DependencyLockPluginSpec > read in dependencies.lock ignore=#ignore dependencyLock.ignore if it is not truthy expectedVersion=#version > read in dependencies.lock ignore=0 dependencyLock.ignore if it is not truthy expectedVersion=1.0.0 FAILED
    org.gradle.api.internal.artifacts.ivyservice.TypedResolveException at DependencyLockPluginSpec.groovy:98
        Caused by: org.gradle.internal.resolve.ModuleVersionNotFoundException

DependencyLockPluginSpec > read in dependencies.lock ignore=#ignore dependencyLock.ignore if it is not truthy expectedVersion=#version > read in dependencies.lock ignore=true dependencyLock.ignore if it is not truthy expectedVersion=1.0.1 FAILED
    org.gradle.api.internal.artifacts.ivyservice.TypedResolveException at DependencyLockPluginSpec.groovy:98
        Caused by: org.gradle.internal.resolve.ModuleVersionNotFoundException

DependencyLockPluginSpec > read in dependencies.lock ignore=#ignore dependencyLock.ignore if it is not truthy expectedVersion=#version > read in dependencies.lock ignore=1 dependencyLock.ignore if it is not truthy expectedVersion=1.0.1 FAILED
    org.gradle.api.internal.artifacts.ivyservice.TypedResolveException at DependencyLockPluginSpec.groovy:98
        Caused by: org.gradle.internal.resolve.ModuleVersionNotFoundException

DependencyLockPluginSpec > ignore dependencies.lock FAILED
    org.gradle.api.internal.artifacts.ivyservice.TypedResolveException at DependencyLockPluginSpec.groovy:121
        Caused by: org.gradle.internal.resolve.ModuleVersionNotFoundException

DependencyLockPluginSpec > command line file override of dependencies FAILED
    org.gradle.api.internal.artifacts.ivyservice.TypedResolveException at DependencyLockPluginSpec.groovy:142
        Caused by: org.gradle.internal.resolve.ModuleVersionNotFoundException

DependencyLockPluginSpec > command line override of a dependency works with no other dependency lock features FAILED
    org.gradle.api.internal.artifacts.ivyservice.TypedResolveException at DependencyLockPluginSpec.groovy:161
        Caused by: org.gradle.internal.resolve.ModuleVersionNotFoundException

DependencyLockPluginSpec > command line override of a dependency FAILED
    org.gradle.api.internal.artifacts.ivyservice.TypedResolveException at DependencyLockPluginSpec.groovy:176
        Caused by: org.gradle.internal.resolve.ModuleVersionNotFoundException

DependencyLockPluginSpec > command line override of a dependency accepts empty entries FAILED
    org.gradle.api.internal.artifacts.ivyservice.TypedResolveException at DependencyLockPluginSpec.groovy:191
        Caused by: org.gradle.internal.resolve.ModuleVersionNotFoundException

DependencyLockPluginSpec > command line override of a dependency with forces in place FAILED
    org.gradle.api.internal.artifacts.ivyservice.TypedResolveException at DependencyLockPluginSpec.groovy:216
        Caused by: org.gradle.internal.resolve.ModuleVersionNotFoundException

DependencyLockPluginSpec > command line overrides of multiple dependencies FAILED
    org.gradle.api.internal.artifacts.ivyservice.TypedResolveException at DependencyLockPluginSpec.groovy:252
        Caused by: org.gradle.internal.resolve.ModuleVersionNotFoundException

DependencyLockPluginSpec > multiproject dependencies.lock FAILED
    org.gradle.api.internal.artifacts.ivyservice.TypedResolveException at DependencyLockPluginSpec.groovy:269
        Caused by: org.gradle.internal.resolve.ModuleVersionNotFoundException

DependencyLockPluginSpec > multiproject overrideFile FAILED
    org.gradle.api.internal.artifacts.ivyservice.TypedResolveException at DependencyLockPluginSpec.groovy:296
        Caused by: org.gradle.internal.resolve.ModuleVersionNotFoundException

DependencyLockPluginSpec > multiproject unused libraries in overrideFile FAILED
    org.gradle.api.internal.artifacts.ivyservice.TypedResolveException at DependencyLockPluginSpec.groovy:332
        Caused by: org.gradle.internal.resolve.ModuleVersionNotFoundException

DependencyLockPluginSpec > siblings need to lock each others dependencies PASSED

DependencyLockPluginSpec > use global lock FAILED
    org.gradle.api.internal.artifacts.ivyservice.TypedResolveException at DependencyLockPluginSpec.groovy:449
        Caused by: org.gradle.internal.resolve.ModuleVersionNotFoundException

DependencyLockPluginWithCoreSpec > generate core lock file PASSED

DependencyLockCommitLauncherSpec > commitLock git test PASSED

DependencyLockPluginWithCoreSpec > generate and update core lock file PASSED

DependencyLockCommitLauncherSpec > git integration test for multiproject PASSED

DependencyLockCommitLauncherSpec > git integration test for global lock on multiproject PASSED

MigrateToCoreLocksTaskSpec > migration to core locks PASSED

PathAwareDependencyDiffSpec > diff lock with paths PASSED

DependencyLockLauncherSpec > plugin allows normal gradle operation PASSED

MigrateToCoreLocksTaskSpec > updating migrated locks PASSED

DependencyLockLauncherSpec > lock file is applied PASSED

MigrateToCoreLocksTaskSpec > migration with transitives PASSED

DependencyLockLauncherSpec > lock file contributes to dependencyInsight PASSED

MigrateToCoreLocksTaskSpec > migration with transitives and reqested values PASSED

DependencyLockLauncherSpec > override lock file contributes to dependencyInsight PASSED

MigrateToCoreLocksTaskSpec > migration with previously unlocked transitives PASSED

MigrateToCoreLocksTaskSpec > migration with multiproject setup PASSED

DependencyLockLauncherSpec > override lock property contributes to dependencyInsight PASSED

MigrateToCoreLocksTaskSpec > migration with project dependency PASSED

DependencyLockLauncherSpec > lock file is not applied while generating lock with abbreviated task name PASSED

DependencyLockLauncherSpec > lock file is not applied while generating lock with qualified task name PASSED

MigrateToCoreLocksTaskSpec > migration omits repeated dependency PASSED

DependencyLockLauncherSpec > lock file is applied on subprojects not being locked while generating lock with qualified task name PASSED

MigrateToCoreLocksTaskSpec > previously partial lockfiles must include all dependencies PASSED

DependencyLockLauncherSpec > lock file ignored in multiproject on specific project with no leading : PASSED

DependencyLockLauncherSpec > lock file ignored in nested multiproject when generating locks PASSED

DependencyLockLauncherSpec > lock file name can be customized PASSED

DependencyLockLauncherSpec > override lock file is applied PASSED

DependencyLockLauncherSpec > deprecated lock file is applied correctly and emits warning PASSED

DependencyLockLauncherSpec > create lock PASSED

DependencyLockLauncherSpec > create lock with skipped dependencies PASSED

DependencyLockLauncherSpec > update lock PASSED

DependencyLockLauncherSpec > diff lock PASSED

DependencyLockLauncherSpec > generateLock fails if dependency locks are ignored PASSED

DependencyLockLauncherSpec > generateGlobalLock fails if dependency locks are ignored PASSED

DependencyLockLauncherSpec > trigger failure with bad lock file PASSED

DependencyLockLauncherSpec > existing lock ignored while updating lock PASSED

DependencyLockLauncherSpec > command line override respected while generating lock PASSED

DependencyLockLauncherSpec > command line override respected while updating lock PASSED

DependencyLockLauncherSpec > update lock removed dependency PASSED

DependencyLockLauncherSpec > update lock requires dependencies to update by default PASSED

PathAwareDependencyDiffSpec > diff lock with paths with recommendation PASSED

MigrateToCoreLocksTaskSpec > migrating with facet #facet > migrating with facet integTest PASSED

DependencyLockLauncherSpec > update lock uses property when intending to run with no dependencies to update passed in PASSED

DependencyLockLauncherSpec > command line override file respected while generating lock PASSED

DependencyLockLauncherSpec > command line overrideFile fails if file is non existent PASSED

DependencyLockLauncherSpec > multiple runs each generate a lock PASSED

DependencyLockLauncherSpec > multiple runs of save lock works PASSED

DependencyLockLauncherSpec > multiproject properly ignores unused overrides PASSED

DependencyLockLauncherSpec > in multiproject allow applying to root project PASSED

DependencyLockLauncherSpec > create global lock in singleproject PASSED

PathAwareDependencyDiffSpec > diff lock with paths with forced alignment PASSED

DependencyLockLauncherSpec > warn the user when configurations for creating global lock in multiproject are no longer resolvable, thus no longer lockable PASSED

DependencyLockLauncherSpec > save global lock in multiproject PASSED

DependencyLockLauncherSpec > locks are correct when applying to all projects FAILED
    org.spockframework.runtime.SpockComparisonFailure at DependencyLockLauncherSpec.groovy:785

DependencyLockLauncherSpec > diffLock in multiproject FAILED
    org.spockframework.runtime.SpockComparisonFailure at DependencyLockLauncherSpec.groovy:814

DependencyLockLauncherSpec > diffLock in multiproject with no locks PASSED

DependencyLockLauncherSpec > generateGlobalLock ignores existing global lock file PASSED

DependencyLockLauncherSpec > throw exception when saving global lock, if individual locks are present PASSED

PathAwareDependencyDiffSpec > diff lock with paths with alignment without clear conflict resolution winner PASSED

DependencyLockLauncherSpec > throw exception when saving lock, if global locks are present PASSED

DependencyLockLauncherSpec > delete global lock PASSED

DependencyLockLauncherSpec > delete locks PASSED

DependencyLockLauncherSpec > only the update dependency and its transitives are updated FAILED
    org.spockframework.runtime.SpockComparisonFailure at DependencyLockLauncherSpec.groovy:982

DependencyLockLauncherSpec > only the update dependency, its transitives and dependencies without requested versions are updated FAILED
    org.spockframework.runtime.SpockComparisonFailure at DependencyLockLauncherSpec.groovy:1046

DependencyLockLauncherSpec > project first level transitives are kept locked during update, using "implementation" configuration FAILED
    org.spockframework.runtime.SpockComparisonFailure at DependencyLockLauncherSpec.groovy:1090

DependencyLockLauncherSpec > project first level transitives are kept locked during update, using "api" configuration FAILED
    org.spockframework.runtime.SpockComparisonFailure at DependencyLockLauncherSpec.groovy:1157

DependencyLockLauncherSpec > update fails if the update matches a project coordinate PASSED

DependencyLockLauncherSpec > update fails if updateDependencies has malformed coordiantes PASSED

DependencyLockLauncherSpec > command line override respected while updating lock with malformed coordinates with extension PASSED

DependencyLockLauncherSpec > command line override respected while updating lock with malformed coordinates allowed by property PASSED

DependencyLockLauncherSpec > updateDependenciesFailOnInvalidCoordinates command line override respected while updating lock with malformed coordinates allowed by extension PASSED

DependencyLockLauncherSpec > updateDependenciesFailOnInvalidCoordinates prefers property over extension PASSED

DependencyLockLauncherSpec > generateLock interacts well with resolution rules PASSED

DependencyLockLauncherSpec > locks win over Spring dependency management SKIPPED

DependencyLockLauncherSpec > locking applied to Android variant configurations SKIPPED

DependencyLockLauncherSpec > deprecated lock format message is not output for an empty file PASSED

DependencyLockLauncherSpec > global lock with dependencyReport and default dependencies works with #plugin > global lock with dependencyReport and default dependencies works with id 'checkstyle' PASSED

DependencyLockLauncherSpec > global lock with dependencyReport and default dependencies works with #plugin > global lock with dependencyReport and default dependencies works with id 'jacoco' PASSED

DependencyLockLauncherSpec > global lock with skippedConfigurationNamesPrefixes PASSED

DependencyLockPluginWithCoreSpec > run the build with core lock file when newer dependency versions exist with #lockingTask > run the build with core lock file when newer dependency versions exist with write-locks PASSED

PathAwareDependencyDiffSpec > diff lock with paths with alignment and constraint to have multiple descriptions of the same cause PASSED

PathAwareDependencyDiffSpec > diff lock with paths with constrained dependency PASSED

PathAwareDependencyDiffSpec > diff lock with paths with repeated dependencies PASSED

PathAwareDependencyDiffSpec > diff lock with paths with replaced rules PASSED

PathAwareDependencyDiffSpec > diff lock with paths including submodule PASSED

PathAwareDependencyDiffSpec > diff lock with new submodule dependency PASSED

PathAwareDependencyDiffSpec > properly aggregate configurations with the same dependencies into report PASSED

PathAwareDependencyDiffSpec > diff lock with cyclic dependencies PASSED

DependencyLockLauncherSpec > handle generating a lock with circular dependencies depending on a jar that depends on us PASSED

DependencyLockLauncherSpec > handle reading a lock with circular dependencies depending on a jar that depends on us PASSED

PathAwareDependencyDiffSpec > diff lock with snapshot dependencies PASSED

DependencyLockLauncherSpec > handle case where asked to update non existent dependency PASSED

MigrateToCoreLocksTaskSpec > migrating with facet #facet > migrating with facet smokeTest PASSED

PathAwareDependencyDiffSpec > diff lock with not used configuration in old lockfile PASSED

MigrateToCoreLocksTaskSpec > migrating with facet #facet > migrating with facet examples PASSED

DependencyLockLauncherSpec > handle case where asked to update when lock has a bogus dependency PASSED

DependencyLockPluginWithCoreSpec > run the build with core lock file when newer dependency versions exist with #lockingTask > run the build with core lock file when newer dependency versions exist with update-locks PASSED

DependencyLockLauncherSpec > save global lock in multiproject - do not lock excluded configurations PASSED

MigrateToCoreLocksTaskSpec > migrating with previously unlocked facet #facet can cause dependencies to skew across configurations > migrating with previously unlocked facet integTest can cause dependencies to skew across configurations PASSED

DependencyLockLauncherSpec > #platformType platforms can be be locked > platform platforms can be be locked PASSED

DependencyLockLauncherSpec > #platformType platforms can be be locked > enforcedPlatform platforms can be be locked PASSED

DependencyLockLauncherSpec > lock file is applied and local libs dont fail PASSED

DependencyLockPluginWithCoreSpec > fails to use same versions across configurations when newer dependency versions exist AND only the end result configurations are locked PASSED

DynamicVersionsCacheSpec > dynamic versions should cache for 0 seconds when resolving and locking PASSED

UpdateLockTaskSpec > transitives are automatically updated FAILED
    org.spockframework.runtime.SpockComparisonFailure at UpdateLockTaskSpec.groovy:90

DependencyLockLauncherSpec > does not lock DependenciesMetadata configurations PASSED

DependencyLockLauncherSpec > does not fail with configuration caching enabled PASSED

DependencyLockLauncherSpec > generateLock and saveLock work when global lock is disabled via property PASSED

DependencyLockPluginWithCoreSpec > generate core lock file while locking all configurations via property PASSED

DependencyResolutionVerifierTest > no verification errors - #description > no verification errors - explicitly resolve dependencies PASSED

MigrateToCoreLocksTaskSpec > migrating with previously unlocked facet #facet can cause dependencies to skew across configurations > migrating with previously unlocked facet smokeTest can cause dependencies to skew across configurations PASSED

DependencyResolutionVerifierTest > error displayed when direct dependency is missing - #description > error displayed when direct dependency is missing - resolve dependencies naturally PASSED

DependencyLockPluginWithCoreSpec > generate core lock file but do not all configurations by default PASSED

DependencyLockPluginWithCoreVerifierSpec > fail when dependency is unresolvable upon update via #lockArg > fail when dependency is unresolvable upon update via write-locks PASSED

DependencyResolutionVerifierTest > error displayed when direct dependency is missing - #description > error displayed when direct dependency is missing - explicitly resolve dependencies PASSED

DependencyLockPluginWithCoreSpec > generate core lock file with multiproject setup - for configuration #configuration > generate core lock file with multiproject setup - for configuration implementation PASSED

MigrateToCoreLocksTaskSpec > migrating with previously unlocked facet #facet can cause dependencies to skew across configurations > migrating with previously unlocked facet examples can cause dependencies to skew across configurations PASSED

DependencyResolutionVerifierTest > error displayed when direct dependency is missing - #description > error displayed when direct dependency is missing - explicitly resolve as part of task chain PASSED

DependencyLockPluginWithCoreVerifierSpec > fail when dependency is unresolvable upon update via #lockArg > fail when dependency is unresolvable upon update via update-locks PASSED

DependencyResolutionVerifierTest > error displayed when transitive dependency is missing - #description > error displayed when transitive dependency is missing - resolve dependencies naturally PASSED

DependencyLockPluginWithCoreSpec > generate core lock file with kotlin plugin - for configuration #configuration > generate core lock file with kotlin plugin - for configuration implementation PASSED

DependencyResolutionVerifierTest > error displayed when transitive dependency is missing - #description > error displayed when transitive dependency is missing - explicitly resolve dependencies PASSED

MigrateToCoreLocksTaskSpec > migration does not lock all configurations by default PASSED

DependencyResolutionVerifierTest > error displayed when transitive dependency is missing - #description > error displayed when transitive dependency is missing - explicitly resolve as part of task chain PASSED

DependencyLockPluginWithCoreSpec > generate core lock file with kotlin plugin with multiproject setup - for configuration #configuration > generate core lock file with kotlin plugin with multiproject setup - for configuration implementation PASSED

DependencyLockPluginWithCoreVerifierSpec > warn when dependency is unresolvable upon update via #lockArg and project requests warnings only via property > warn when dependency is unresolvable upon update via write-locks and project requests warnings only via property PASSED

DependencyResolutionVerifierTest > error displayed when version is missing - #description > error displayed when version is missing - resolve dependencies naturally PASSED

DependencyLockPluginWithCoreSpec > generate core lock file with clojure plugin - for configuration #configuration > generate core lock file with clojure plugin - for configuration implementation PASSED

DependencyResolutionVerifierTest > error displayed when version is missing - #description > error displayed when version is missing - explicitly resolve dependencies PASSED

MigrateToCoreLocksTaskSpec > migration locks all configurations via property PASSED

DependencyResolutionVerifierTest > error displayed when version is missing - #description > error displayed when version is missing - explicitly resolve as part of task chain PASSED

DependencyLockPluginWithCoreSpec > ordering language plugin and locking plugin should not matter - #languagePlugin #notes > ordering language plugin and locking plugin should not matter - groovy applied first PASSED

DependencyLockPluginWithCoreVerifierSpec > warn when dependency is unresolvable upon update via #lockArg and project requests warnings only via property > warn when dependency is unresolvable upon update via update-locks and project requests warnings only via property PASSED

DependencyResolutionVerifierTest > error displayed when a dependency is not found and needed at compilation - #description > error displayed when a dependency is not found and needed at compilation - resolve dependencies naturally PASSED

MigrateToCoreLocksTaskSpec > migration fails when there is no lockfile to migrate from PASSED

DependencyResolutionVerifierTest > error displayed when a dependency is not found and needed at compilation - #description > error displayed when a dependency is not found and needed at compilation - explicitly resolve dependencies PASSED

DependencyLockPluginWithCoreSpec > ordering language plugin and locking plugin should not matter - #languagePlugin #notes > ordering language plugin and locking plugin should not matter - java applied first PASSED

DependencyLockPluginWithCoreVerifierSpec > fail when dependency is missing from the lock state PASSED

DependencyResolutionVerifierTest > error displayed when a dependency is not found and needed at compilation - #description > error displayed when a dependency is not found and needed at compilation - explicitly resolve as part of task chain PASSED

MigrateToCoreLocksTaskSpec > fails migrating global locks PASSED

DependencyResolutionVerifierTest > multiproject: missing direct dependencies - #description > multiproject: missing direct dependencies - resolve dependencies naturally PASSED

DependencyLockPluginWithCoreSpec > ordering language plugin and locking plugin should not matter - #languagePlugin #notes > ordering language plugin and locking plugin should not matter - java-library applied first PASSED

DependencyResolutionVerifierTest > multiproject: missing direct dependencies - #description > multiproject: missing direct dependencies - explicitly resolve dependencies PASSED

DependencyLockPluginWithCoreVerifierSpec > multiproject: fail when dependency is unresolvable upon update via #lockArg > multiproject: fail when dependency is unresolvable upon update via write-locks PASSED

DependencyLockPluginWithCoreSpec > ordering language plugin and locking plugin should not matter - #languagePlugin #notes > ordering language plugin and locking plugin should not matter - com.netflix.nebula.clojure applied first PASSED

DependencyResolutionVerifierTest > multiproject: missing direct dependencies - #description > multiproject: missing direct dependencies - explicitly resolve as part of task chain PASSED

MigrateToCoreLocksTaskSpec > task appears PASSED

GradleVersionUtilsSpec > current Gradle version is less than version 99.99 PASSED

GradleVersionUtilsSpec > current Gradle version is not less than version 1.0 PASSED

GradleVersionUtilsSpec > current Gradle version not less than the current Gradle version PASSED

DependencyLockPluginWithCoreSpec > ordering language plugin and locking plugin should not matter - #languagePlugin #notes > ordering language plugin and locking plugin should not matter - org.jetbrains.kotlin.jvm applied first PASSED

DependencyLockPluginWithCoreVerifierSpec > multiproject: fail when dependency is unresolvable upon update via #lockArg > multiproject: fail when dependency is unresolvable upon update via update-locks PASSED

DependencyResolutionVerifierTest > multiproject: handles worker threads from spotbugs - #description > multiproject: handles worker threads from spotbugs - calling spotbugsMain PASSED

DependencyLockPluginWithCoreSpec > ordering language plugin and locking plugin should not matter - #languagePlugin #notes > ordering language plugin and locking plugin should not matter - scala applied first PASSED

DependencyResolutionVerifierTest > multiproject: handles worker threads from spotbugs - #description > multiproject: handles worker threads from spotbugs - resolve dependencies naturally PASSED

DependencyLockPluginWithCoreSpec > ordering language plugin and locking plugin should not matter - #languagePlugin #notes > ordering language plugin and locking plugin should not matter - groovy applied last PASSED

DependencyResolutionVerifierTest > multiproject: handles worker threads from spotbugs - #description > multiproject: handles worker threads from spotbugs - explicitly resolve dependencies PASSED

DependencyLockPluginWithCoreVerifierSpec > multiproject: fail when dependency is missing from the lock state PASSED

DependencyLockPluginWithCoreSpec > ordering language plugin and locking plugin should not matter - #languagePlugin #notes > ordering language plugin and locking plugin should not matter - java applied last PASSED

DependencyResolutionVerifierTest > multiproject: works for parallel builds - #description > multiproject: works for parallel builds - resolve dependencies naturally PASSED

DependencyLockPluginWithCoreSpec > ordering language plugin and locking plugin should not matter - #languagePlugin #notes > ordering language plugin and locking plugin should not matter - java-library applied last PASSED

DependencyResolutionVerifierTest > multiproject: works for parallel builds - #description > multiproject: works for parallel builds - explicitly resolve dependencies PASSED

DependencyLockPluginWithCoreVerifierSpec > provide useful error message when dependency is unresolvable upon update via #lockArg > provide useful error message when dependency is unresolvable upon update via write-locks PASSED

DependencyResolutionVerifierTest > multiproject: works for parallel builds - #description > multiproject: works for parallel builds - explicitly resolve as part of task chain PASSED

DependencyLockPluginWithCoreSpec > ordering language plugin and locking plugin should not matter - #languagePlugin #notes > ordering language plugin and locking plugin should not matter - org.jetbrains.kotlin.jvm applied last PASSED

DependencyResolutionVerifierTest > missing a dependency declaration is not caught - #description > missing a dependency declaration is not caught - resolve dependencies naturally PASSED

DependencyLockPluginWithCoreVerifierSpec > provide useful error message when dependency is unresolvable upon update via #lockArg > provide useful error message when dependency is unresolvable upon update via update-locks PASSED

DependencyLockPluginWithCoreSpec > ordering language plugin and locking plugin should not matter - #languagePlugin #notes > ordering language plugin and locking plugin should not matter - com.netflix.nebula.clojure applied last PASSED

DependencyResolutionVerifierTest > missing a dependency declaration is not caught - #description > missing a dependency declaration is not caught - explicitly resolve as part of task chain PASSED

DependencyResolutionVerifierTest > specify configurations to ignore via property via #setupStyle > specify configurations to ignore via property via command line PASSED

DependencyLockPluginWithCoreSpec > ordering language plugin and locking plugin should not matter - #languagePlugin #notes > ordering language plugin and locking plugin should not matter - scala applied last PASSED

DependencyLockPluginWithCoreVerifierSpec > multiproject: provide useful error message when dependency is unresolvable upon update via #lockArg > multiproject: provide useful error message when dependency is unresolvable upon update via write-locks PASSED

DependencyResolutionVerifierTest > specify configurations to ignore via property via #setupStyle > specify configurations to ignore via property via properties file PASSED

DependencyLockPluginWithCoreSpec > generate core lock should lock additional configurations via property via #setupStyle > generate core lock should lock additional configurations via property via command line PASSED

DependencyResolutionVerifierTest > displays error once with finalizers - #tasks > displays error once with finalizers - [build] PASSED

DependencyLockPluginWithCoreVerifierSpec > multiproject: provide useful error message when dependency is unresolvable upon update via #lockArg > multiproject: provide useful error message when dependency is unresolvable upon update via update-locks PASSED

DependencyResolutionVerifierTest > displays error once with finalizers - #tasks > displays error once with finalizers - [build, --parallel] PASSED

DependencyLockPluginWithCoreSpec > generate core lock should lock additional configurations via property via #setupStyle > generate core lock should lock additional configurations via property via properties file PASSED

DependencyResolutionVerifierTest > handles task configuration issue due to #failureType > handles task configuration issue due to missing version PASSED

DependencyLockPluginWithCoreVerifierSpec > multiproject: works for parallel builds with #lockArg > multiproject: works for parallel builds with write-locks PASSED

DependencyLockPluginWithCoreSpec > generate core lock should lock additional configurations via property and extension configuration PASSED

DependencyResolutionVerifierTest > handles task configuration issue due to #failureType > handles task configuration issue due to direct dep not found PASSED

DependencyLockPluginWithCoreSpec > generate core lock should ignore extra lockfiles and then delete stale lockfiles when regenerating PASSED

DependencyResolutionVerifierTest > handles task configuration issue due to #failureType > handles task configuration issue due to transitive dep not found PASSED

DependencyLockPluginWithCoreVerifierSpec > multiproject: works for parallel builds with #lockArg > multiproject: works for parallel builds with update-locks PASSED

DependencyLockPluginWithCoreSpec > generate core lock should ignore extra lockfiles and then delete stale lockfiles when regenerating - multiproject setup PASSED

DependencyResolutionVerifierTest > handles task configuration issue due to #failureType - multiproject > handles task configuration issue due to missing version - multiproject PASSED

DependencyLockPluginWithCoreSpec > generate core lock file with #facet facet configurations > generate core lock file with integTest facet configurations PASSED

DependencyResolutionVerifierTest > handles task configuration issue due to #failureType - multiproject > handles task configuration issue due to direct dep not found - multiproject PASSED

DependencyLockPluginWithCoreVerifierSpec > multiproject: works for parallel builds with #lockArg and dependencies listed in parent build file > multiproject: works for parallel builds with write-locks and dependencies listed in parent build file PASSED

DependencyResolutionVerifierTest > handles task configuration issue due to #failureType - multiproject > handles task configuration issue due to transitive dep not found - multiproject PASSED

DependencyLockPluginWithCoreSpec > custom configurations not added by a plugin must be setup for locking PASSED

DependencyResolutionVerifierTest > handles task configuration issue due to #failureType - multiproject and parallel > handles task configuration issue due to missing version - multiproject and parallel PASSED

DependencyResolutionVerifierTest > handles task configuration issue due to #failureType - multiproject and parallel > handles task configuration issue due to direct dep not found - multiproject and parallel PASSED

DependencyLockPluginWithCoreVerifierSpec > multiproject: works for parallel builds with #lockArg and dependencies listed in parent build file > multiproject: works for parallel builds with update-locks and dependencies listed in parent build file PASSED

DependencyResolutionVerifierTest > handles task configuration issue due to #failureType - multiproject and parallel > handles task configuration issue due to transitive dep not found - multiproject and parallel PASSED

DependencyLockPluginWithCoreSpec > lock each configuration only once PASSED

DependencyResolutionVerifierTest > uses extension for #description > uses extension for missingVersionsMessageAddition PASSED

DependencyLockPluginWithCoreVerifierSpec > scala: fail when dependency is unresolvable upon update via #lockArg (defining dependencies on base configuration "#conf") > scala: fail when dependency is unresolvable upon update via write-locks (defining dependencies on base configuration "implementation") PASSED

DependencyLockPluginWithCoreSpec > fails when generating Nebula locks and writing core locks together PASSED

DependencyResolutionVerifierTest > uses extension for #description > uses extension for shouldFailTheBuild PASSED
